// Vitest Snapshot v1, https://vitest.dev/guide/snapshot.html

exports[`capNesting B - Complex object 1`] = `
{
  "a": {
    "b": {
      "c": "...",
      "cNull": "...",
      "cValue": "...",
    },
    "bArray": [
      "...",
      "...",
      "...",
    ],
    "bNull": null,
    "bValue": "value",
  },
  "g": {
    "h": {
      "i": "...",
    },
  },
}
`;
