// Vitest Snapshot v1, https://vitest.dev/guide/snapshot.html

exports[`index - check exported value 1`] = `
{
  "configs": {
    "base": [
      {
        "ignores": undefined,
        "name": undefined,
      },
      {
        "name": undefined,
        "plugins": undefined,
        "rules": undefined,
      },
    ],
    "browser": [
      {
        "languageOptions": undefined,
        "name": undefined,
      },
    ],
    "node": [
      {
        "languageOptions": undefined,
        "name": undefined,
      },
    ],
    "vue": [
      {
        "languageOptions": undefined,
        "plugins": undefined,
      },
      {
        "files": undefined,
        "languageOptions": undefined,
        "plugins": undefined,
        "processor": undefined,
        "rules": undefined,
      },
      {
        "rules": undefined,
      },
      {
        "rules": undefined,
      },
      {
        "rules": undefined,
      },
      {
        "rules": undefined,
      },
    ],
  },
  "meta": {
    "name": "eslint-plugin-shuunen",
    "version": "0.0.0",
  },
  "rules": {
    "avoid-name": {
      "create": [Function],
      "meta": {
        "docs": undefined,
        "fixable": undefined,
        "messages": undefined,
        "schema": undefined,
        "type": undefined,
      },
    },
  },
}
`;
