// Vitest Snapshot v1, https://vitest.dev/guide/snapshot.html

exports[`index - check exported value 1`] = `
{
  "configs": {
    "base": [
      {
        "ignores": "...",
        "name": "...",
      },
      {
        "name": "...",
        "plugins": "...",
        "rules": "...",
      },
    ],
    "browser": [
      {
        "languageOptions": "...",
        "name": "...",
      },
      {
        "languageOptions": "...",
        "name": "...",
        "plugins": "...",
      },
      {
        "name": "...",
        "rules": "...",
      },
      {
        "name": "...",
        "settings": "...",
      },
    ],
    "node": [
      {
        "languageOptions": "...",
        "name": "...",
      },
    ],
    "vue": [
      {
        "languageOptions": "...",
        "plugins": "...",
      },
      {
        "files": "...",
        "languageOptions": "...",
        "plugins": "...",
        "processor": "...",
        "rules": "...",
      },
      {
        "rules": "...",
      },
      {
        "rules": "...",
      },
      {
        "rules": "...",
      },
      {
        "rules": "...",
      },
    ],
  },
  "meta": {
    "name": "eslint-plugin-shuunen",
    "version": "0.0.0",
  },
  "rules": {
    "avoid-name": {
      "create": [Function],
      "meta": {
        "docs": "...",
        "fixable": "...",
        "messages": "...",
        "schema": "...",
        "type": "...",
      },
    },
  },
}
`;
