// Bun Snapshot v1, https://goo.gl/fbAQLP

exports[`index - check exported value 1`] = `
{
  "configs": {
    "base": [
      {
        "ignores": [
          "**/node_modules",
          "**/coverage",
          "**/build",
          "**/dist",
          "**/static",
          "**/package-lock.json",
          "**/yarn.lock",
          "**/pnpm-lock.yaml",
          "**/bun.lockb",
          "**/output",
          "**/coverage",
          "**/temp",
          "**/.temp",
          "**/tmp",
          "**/.tmp",
          "**/.history",
          "**/.vitepress/cache",
          "**/.nuxt",
          "**/.next",
          "**/.vercel",
          "**/.changeset",
          "**/.idea",
          "**/.cache",
          "**/.output",
          "**/.vite-inspect",
          "**/.yarn",
          "**/CHANGELOG*.md",
          "**/*.min.*",
          "**/LICENSE*",
          "**/__snapshots__",
          "**/auto-import?(s).d.ts",
          "**/components.d.ts",
        ],
        "name": "shuunen/base/ignores",
      },
      {
        "name": "shuunen/base",
        "plugins": {
          "jsdoc": {
            "configs": "...",
            "rules": "...",
          },
          "perfectionist": {
            "name": "...",
            "rules": "...",
          },
          "shuunen": {
            "meta": "...",
            "rules": "...",
          },
          "unicorn": {
            "meta": "...",
            "rules": "...",
          },
        },
        "rules": {
          "accessor-pairs": "error",
          "array-callback-return": "error",
          "arrow-body-style": "error",
          "block-scoped-var": "error",
          "camelcase": "error",
          "capitalized-comments": "off",
          "class-methods-use-this": "error",
          "comma-dangle": [
            "...",
            "...",
          ],
          "complexity": [
            "...",
            "...",
          ],
          "consistent-return": "error",
          "consistent-this": "error",
          "constructor-super": "error",
          "curly": [
            "...",
            "...",
          ],
          "default-case": "error",
          "default-case-last": "error",
          "default-param-last": "error",
          "dot-notation": "error",
          "eqeqeq": "error",
          "for-direction": "error",
          "func-name-matching": "error",
          "func-names": "error",
          "func-style": [
            "...",
            "...",
            "...",
          ],
          "getter-return": "error",
          "grouped-accessor-pairs": "error",
          "guard-for-in": "error",
          "id-denylist": "error",
          "id-length": "error",
          "id-match": "error",
          "init-declarations": "error",
          "jsdoc/check-access": "warn",
          "jsdoc/check-alignment": "warn",
          "jsdoc/check-examples": "off",
          "jsdoc/check-indentation": "off",
          "jsdoc/check-line-alignment": "off",
          "jsdoc/check-param-names": "warn",
          "jsdoc/check-property-names": "warn",
          "jsdoc/check-syntax": "off",
          "jsdoc/check-tag-names": "warn",
          "jsdoc/check-template-names": "off",
          "jsdoc/check-types": "warn",
          "jsdoc/check-values": "warn",
          "jsdoc/convert-to-jsdoc-comments": "off",
          "jsdoc/empty-tags": "warn",
          "jsdoc/implements-on-classes": "warn",
          "jsdoc/imports-as-dependencies": "off",
          "jsdoc/informative-docs": "off",
          "jsdoc/lines-before-block": "off",
          "jsdoc/match-description": "off",
          "jsdoc/match-name": "off",
          "jsdoc/multiline-blocks": "warn",
          "jsdoc/newline-after-description": "off",
          "jsdoc/no-bad-blocks": "off",
          "jsdoc/no-blank-block-descriptions": "off",
          "jsdoc/no-blank-blocks": "off",
          "jsdoc/no-defaults": "warn",
          "jsdoc/no-missing-syntax": "off",
          "jsdoc/no-multi-asterisks": "warn",
          "jsdoc/no-restricted-syntax": "off",
          "jsdoc/no-types": "off",
          "jsdoc/no-undefined-types": "warn",
          "jsdoc/require-asterisk-prefix": "off",
          "jsdoc/require-description": "off",
          "jsdoc/require-description-complete-sentence": "off",
          "jsdoc/require-example": "off",
          "jsdoc/require-file-overview": "off",
          "jsdoc/require-hyphen-before-param-description": "off",
          "jsdoc/require-jsdoc": [
            "...",
            "...",
          ],
          "jsdoc/require-param": "warn",
          "jsdoc/require-param-description": "warn",
          "jsdoc/require-param-name": "warn",
          "jsdoc/require-param-type": "warn",
          "jsdoc/require-property": "warn",
          "jsdoc/require-property-description": "warn",
          "jsdoc/require-property-name": "warn",
          "jsdoc/require-property-type": "warn",
          "jsdoc/require-returns": "warn",
          "jsdoc/require-returns-check": "warn",
          "jsdoc/require-returns-description": "warn",
          "jsdoc/require-returns-type": "warn",
          "jsdoc/require-template": "off",
          "jsdoc/require-throws": "off",
          "jsdoc/require-yields": "warn",
          "jsdoc/require-yields-check": "warn",
          "jsdoc/sort-tags": "off",
          "jsdoc/tag-lines": "warn",
          "jsdoc/text-escaping": "off",
          "jsdoc/valid-types": "warn",
          "line-comment-position": "off",
          "logical-assignment-operators": "error",
          "max-classes-per-file": "error",
          "max-depth": "error",
          "max-lines": "error",
          "max-lines-per-function": "error",
          "max-nested-callbacks": "error",
          "max-params": "error",
          "max-statements": "error",
          "multiline-comment-style": "off",
          "new-cap": "error",
          "no-alert": "error",
          "no-array-constructor": "error",
          "no-async-promise-executor": "error",
          "no-await-in-loop": "error",
          "no-bitwise": "error",
          "no-caller": "error",
          "no-case-declarations": "error",
          "no-class-assign": "error",
          "no-compare-neg-zero": "error",
          "no-cond-assign": "error",
          "no-console": "error",
          "no-const-assign": "error",
          "no-constant-binary-expression": "error",
          "no-constant-condition": "error",
          "no-constructor-return": "error",
          "no-continue": "off",
          "no-control-regex": "error",
          "no-debugger": "error",
          "no-delete-var": "error",
          "no-div-regex": "error",
          "no-dupe-args": "error",
          "no-dupe-class-members": "error",
          "no-dupe-else-if": "error",
          "no-dupe-keys": "error",
          "no-duplicate-case": "error",
          "no-duplicate-imports": "error",
          "no-else-return": "error",
          "no-empty": "error",
          "no-empty-character-class": "error",
          "no-empty-function": "error",
          "no-empty-pattern": "error",
          "no-empty-static-block": "error",
          "no-eq-null": "error",
          "no-eval": "error",
          "no-ex-assign": "error",
          "no-extend-native": "error",
          "no-extra-bind": "error",
          "no-extra-boolean-cast": "error",
          "no-extra-label": "error",
          "no-fallthrough": "error",
          "no-func-assign": "error",
          "no-global-assign": "error",
          "no-implicit-coercion": "error",
          "no-implicit-globals": "error",
          "no-implied-eval": "error",
          "no-import-assign": "error",
          "no-inline-comments": "off",
          "no-inner-declarations": "error",
          "no-invalid-regexp": "error",
          "no-invalid-this": "error",
          "no-irregular-whitespace": "error",
          "no-iterator": "error",
          "no-label-var": "error",
          "no-labels": "error",
          "no-lone-blocks": "error",
          "no-lonely-if": "error",
          "no-loop-func": "error",
          "no-loss-of-precision": "error",
          "no-magic-numbers": [
            "...",
            "...",
          ],
          "no-misleading-character-class": "error",
          "no-multi-assign": "error",
          "no-multi-str": "error",
          "no-negated-condition": "off",
          "no-nested-ternary": "off",
          "no-new": "error",
          "no-new-func": "error",
          "no-new-native-nonconstructor": "error",
          "no-new-wrappers": "error",
          "no-nonoctal-decimal-escape": "error",
          "no-obj-calls": "error",
          "no-object-constructor": "error",
          "no-octal": "error",
          "no-octal-escape": "error",
          "no-param-reassign": "error",
          "no-plusplus": "error",
          "no-promise-executor-return": "error",
          "no-proto": "error",
          "no-prototype-builtins": "error",
          "no-redeclare": "error",
          "no-regex-spaces": "error",
          "no-restricted-exports": "error",
          "no-restricted-globals": "error",
          "no-restricted-imports": "error",
          "no-restricted-properties": "error",
          "no-restricted-syntax": [
            "...",
            "...",
            "...",
            "...",
            "...",
          ],
          "no-return-assign": "error",
          "no-script-url": "error",
          "no-self-assign": "error",
          "no-self-compare": "error",
          "no-sequences": "error",
          "no-setter-return": "error",
          "no-shadow": "error",
          "no-shadow-restricted-names": "error",
          "no-sparse-arrays": "error",
          "no-template-curly-in-string": "error",
          "no-ternary": "off",
          "no-this-before-super": "error",
          "no-throw-literal": "error",
          "no-undef": "error",
          "no-undef-init": "error",
          "no-undefined": "off",
          "no-underscore-dangle": "error",
          "no-unexpected-multiline": "error",
          "no-unmodified-loop-condition": "error",
          "no-unneeded-ternary": "error",
          "no-unreachable": "error",
          "no-unreachable-loop": "error",
          "no-unsafe-finally": "error",
          "no-unsafe-negation": "error",
          "no-unsafe-optional-chaining": "error",
          "no-unused-expressions": "error",
          "no-unused-labels": "error",
          "no-unused-private-class-members": "error",
          "no-unused-vars": "error",
          "no-use-before-define": "error",
          "no-useless-assignment": "error",
          "no-useless-backreference": "error",
          "no-useless-call": "error",
          "no-useless-catch": "error",
          "no-useless-computed-key": "error",
          "no-useless-concat": "error",
          "no-useless-constructor": "error",
          "no-useless-escape": "error",
          "no-useless-rename": "error",
          "no-useless-return": "error",
          "no-var": "error",
          "no-void": [
            "...",
            "...",
          ],
          "no-warning-comments": "error",
          "no-with": "error",
          "object-shorthand": "error",
          "one-var": "off",
          "operator-assignment": "error",
          "perfectionist/sort-array-includes": [
            "...",
            "...",
          ],
          "perfectionist/sort-classes": [
            "...",
            "...",
          ],
          "perfectionist/sort-decorators": [
            "...",
            "...",
          ],
          "perfectionist/sort-enums": [
            "...",
            "...",
          ],
          "perfectionist/sort-exports": [
            "...",
            "...",
          ],
          "perfectionist/sort-heritage-clauses": [
            "...",
            "...",
          ],
          "perfectionist/sort-imports": "off",
          "perfectionist/sort-interfaces": [
            "...",
            "...",
          ],
          "perfectionist/sort-intersection-types": [
            "...",
            "...",
          ],
          "perfectionist/sort-jsx-props": [
            "...",
            "...",
          ],
          "perfectionist/sort-maps": [
            "...",
            "...",
          ],
          "perfectionist/sort-modules": "off",
          "perfectionist/sort-named-exports": [
            "...",
            "...",
          ],
          "perfectionist/sort-named-imports": "off",
          "perfectionist/sort-object-types": [
            "...",
            "...",
          ],
          "perfectionist/sort-objects": [
            "...",
            "...",
          ],
          "perfectionist/sort-sets": [
            "...",
            "...",
          ],
          "perfectionist/sort-switch-case": [
            "...",
            "...",
          ],
          "perfectionist/sort-union-types": [
            "...",
            "...",
          ],
          "perfectionist/sort-variable-declarations": [
            "...",
            "...",
          ],
          "prefer-arrow-callback": "error",
          "prefer-const": "error",
          "prefer-destructuring": "off",
          "prefer-exponentiation-operator": "error",
          "prefer-named-capture-group": "error",
          "prefer-numeric-literals": "error",
          "prefer-object-has-own": "error",
          "prefer-object-spread": "error",
          "prefer-promise-reject-errors": "error",
          "prefer-regex-literals": "error",
          "prefer-rest-params": "error",
          "prefer-spread": "error",
          "prefer-template": "error",
          "radix": "error",
          "require-atomic-updates": "error",
          "require-await": "error",
          "require-unicode-regexp": "error",
          "require-yield": "error",
          "shuunen/avoid-name": "error",
          "sort-imports": "off",
          "sort-keys": "off",
          "sort-vars": "error",
          "strict": "error",
          "symbol-description": "error",
          "unicode-bom": "error",
          "unicorn/better-regex": "error",
          "unicorn/catch-error-name": "error",
          "unicorn/consistent-assert": "error",
          "unicorn/consistent-date-clone": "error",
          "unicorn/consistent-destructuring": "error",
          "unicorn/consistent-empty-array-spread": "error",
          "unicorn/consistent-existence-index-check": "error",
          "unicorn/consistent-function-scoping": "error",
          "unicorn/custom-error-definition": "error",
          "unicorn/empty-brace-spaces": "error",
          "unicorn/error-message": "error",
          "unicorn/escape-case": "error",
          "unicorn/expiring-todo-comments": "error",
          "unicorn/explicit-length-check": "error",
          "unicorn/filename-case": "error",
          "unicorn/import-style": "error",
          "unicorn/new-for-builtins": "error",
          "unicorn/no-abusive-eslint-disable": "error",
          "unicorn/no-accessor-recursion": "error",
          "unicorn/no-anonymous-default-export": "error",
          "unicorn/no-array-callback-reference": "error",
          "unicorn/no-array-for-each": "error",
          "unicorn/no-array-method-this-argument": "error",
          "unicorn/no-array-push-push": "error",
          "unicorn/no-array-reduce": "error",
          "unicorn/no-await-expression-member": "error",
          "unicorn/no-await-in-promise-methods": "error",
          "unicorn/no-console-spaces": "error",
          "unicorn/no-document-cookie": "error",
          "unicorn/no-empty-file": "error",
          "unicorn/no-for-loop": "error",
          "unicorn/no-hex-escape": "error",
          "unicorn/no-instanceof-builtins": "error",
          "unicorn/no-invalid-fetch-options": "error",
          "unicorn/no-invalid-remove-event-listener": "error",
          "unicorn/no-keyword-prefix": "error",
          "unicorn/no-length-as-slice-end": "error",
          "unicorn/no-lonely-if": "error",
          "unicorn/no-magic-array-flat-depth": "error",
          "unicorn/no-named-default": "error",
          "unicorn/no-negated-condition": "error",
          "unicorn/no-negation-in-equality-check": "error",
          "unicorn/no-nested-ternary": "error",
          "unicorn/no-new-array": "error",
          "unicorn/no-new-buffer": "error",
          "unicorn/no-null": "error",
          "unicorn/no-object-as-default-parameter": "error",
          "unicorn/no-process-exit": "error",
          "unicorn/no-single-promise-in-promise-methods": "error",
          "unicorn/no-static-only-class": "error",
          "unicorn/no-thenable": "error",
          "unicorn/no-this-assignment": "error",
          "unicorn/no-typeof-undefined": "error",
          "unicorn/no-unnecessary-await": "error",
          "unicorn/no-unnecessary-polyfills": "error",
          "unicorn/no-unreadable-array-destructuring": "error",
          "unicorn/no-unreadable-iife": "error",
          "unicorn/no-unused-properties": "error",
          "unicorn/no-useless-fallback-in-spread": "error",
          "unicorn/no-useless-length-check": "error",
          "unicorn/no-useless-promise-resolve-reject": "error",
          "unicorn/no-useless-spread": "error",
          "unicorn/no-useless-switch-case": "error",
          "unicorn/no-useless-undefined": "error",
          "unicorn/no-zero-fractions": "error",
          "unicorn/number-literal-case": "error",
          "unicorn/numeric-separators-style": "error",
          "unicorn/prefer-add-event-listener": "error",
          "unicorn/prefer-array-find": "error",
          "unicorn/prefer-array-flat": "error",
          "unicorn/prefer-array-flat-map": "error",
          "unicorn/prefer-array-index-of": "error",
          "unicorn/prefer-array-some": "error",
          "unicorn/prefer-at": "error",
          "unicorn/prefer-blob-reading-methods": "error",
          "unicorn/prefer-code-point": "error",
          "unicorn/prefer-date-now": "error",
          "unicorn/prefer-default-parameters": "error",
          "unicorn/prefer-dom-node-append": "error",
          "unicorn/prefer-dom-node-dataset": "error",
          "unicorn/prefer-dom-node-remove": "error",
          "unicorn/prefer-dom-node-text-content": "error",
          "unicorn/prefer-event-target": "error",
          "unicorn/prefer-export-from": "error",
          "unicorn/prefer-global-this": "error",
          "unicorn/prefer-includes": "error",
          "unicorn/prefer-json-parse-buffer": "error",
          "unicorn/prefer-keyboard-event-key": "error",
          "unicorn/prefer-logical-operator-over-ternary": "error",
          "unicorn/prefer-math-min-max": "error",
          "unicorn/prefer-math-trunc": "error",
          "unicorn/prefer-modern-dom-apis": "error",
          "unicorn/prefer-modern-math-apis": "error",
          "unicorn/prefer-module": "error",
          "unicorn/prefer-native-coercion-functions": "error",
          "unicorn/prefer-negative-index": "error",
          "unicorn/prefer-node-protocol": "error",
          "unicorn/prefer-number-properties": "error",
          "unicorn/prefer-object-from-entries": "error",
          "unicorn/prefer-optional-catch-binding": "error",
          "unicorn/prefer-prototype-methods": "error",
          "unicorn/prefer-query-selector": "error",
          "unicorn/prefer-reflect-apply": "error",
          "unicorn/prefer-regexp-test": "error",
          "unicorn/prefer-set-has": "error",
          "unicorn/prefer-set-size": "error",
          "unicorn/prefer-spread": "off",
          "unicorn/prefer-string-raw": "error",
          "unicorn/prefer-string-replace-all": "off",
          "unicorn/prefer-string-slice": "error",
          "unicorn/prefer-string-starts-ends-with": "error",
          "unicorn/prefer-string-trim-start-end": "error",
          "unicorn/prefer-structured-clone": "error",
          "unicorn/prefer-switch": "off",
          "unicorn/prefer-ternary": "error",
          "unicorn/prefer-top-level-await": "error",
          "unicorn/prefer-type-error": "error",
          "unicorn/prevent-abbreviations": [
            "...",
            "...",
          ],
          "unicorn/relative-url-style": "error",
          "unicorn/require-array-join-separator": "error",
          "unicorn/require-number-to-fixed-digits-argument": "error",
          "unicorn/require-post-message-target-origin": "error",
          "unicorn/string-content": "error",
          "unicorn/switch-case-braces": "off",
          "unicorn/template-indent": "error",
          "unicorn/text-encoding-identifier-case": "error",
          "unicorn/throw-new-error": "error",
          "use-isnan": "error",
          "valid-typeof": "error",
          "vars-on-top": "error",
          "yoda": "error",
        },
      },
      {
        "files": [
          "**/*.test.*",
        ],
        "name": "shuunen/base/tests-overrides",
        "rules": {
          "max-lines-per-function": "off",
          "max-statements": "off",
          "no-magic-numbers": "off",
          "unicorn/template-indent": "off",
        },
      },
    ],
    "browser": [
      {
        "languageOptions": {
          "globals": {
            "AI": "...",
            "AITextSession": "...",
            "AbortController": "...",
            "AbortSignal": "...",
            "AbsoluteOrientationSensor": "...",
            "AbstractRange": "...",
            "Accelerometer": "...",
            "AnalyserNode": "...",
            "Animation": "...",
            "AnimationEffect": "...",
            "AnimationEvent": "...",
            "AnimationPlaybackEvent": "...",
            "AnimationTimeline": "...",
            "Attr": "...",
            "Audio": "...",
            "AudioBuffer": "...",
            "AudioBufferSourceNode": "...",
            "AudioContext": "...",
            "AudioData": "...",
            "AudioDecoder": "...",
            "AudioDestinationNode": "...",
            "AudioEncoder": "...",
            "AudioListener": "...",
            "AudioNode": "...",
            "AudioParam": "...",
            "AudioParamMap": "...",
            "AudioProcessingEvent": "...",
            "AudioScheduledSourceNode": "...",
            "AudioSinkInfo": "...",
            "AudioWorklet": "...",
            "AudioWorkletGlobalScope": "...",
            "AudioWorkletNode": "...",
            "AudioWorkletProcessor": "...",
            "AuthenticatorAssertionResponse": "...",
            "AuthenticatorAttestationResponse": "...",
            "AuthenticatorResponse": "...",
            "BackgroundFetchManager": "...",
            "BackgroundFetchRecord": "...",
            "BackgroundFetchRegistration": "...",
            "BarProp": "...",
            "BarcodeDetector": "...",
            "BaseAudioContext": "...",
            "BatteryManager": "...",
            "BeforeUnloadEvent": "...",
            "BiquadFilterNode": "...",
            "Blob": "...",
            "BlobEvent": "...",
            "Bluetooth": "...",
            "BluetoothCharacteristicProperties": "...",
            "BluetoothDevice": "...",
            "BluetoothRemoteGATTCharacteristic": "...",
            "BluetoothRemoteGATTDescriptor": "...",
            "BluetoothRemoteGATTServer": "...",
            "BluetoothRemoteGATTService": "...",
            "BluetoothUUID": "...",
            "BroadcastChannel": "...",
            "BrowserCaptureMediaStreamTrack": "...",
            "ByteLengthQueuingStrategy": "...",
            "CDATASection": "...",
            "CSS": "...",
            "CSSAnimation": "...",
            "CSSConditionRule": "...",
            "CSSContainerRule": "...",
            "CSSCounterStyleRule": "...",
            "CSSFontFaceRule": "...",
            "CSSFontFeatureValuesRule": "...",
            "CSSFontPaletteValuesRule": "...",
            "CSSGroupingRule": "...",
            "CSSImageValue": "...",
            "CSSImportRule": "...",
            "CSSKeyframeRule": "...",
            "CSSKeyframesRule": "...",
            "CSSKeywordValue": "...",
            "CSSLayerBlockRule": "...",
            "CSSLayerStatementRule": "...",
            "CSSMarginRule": "...",
            "CSSMathClamp": "...",
            "CSSMathInvert": "...",
            "CSSMathMax": "...",
            "CSSMathMin": "...",
            "CSSMathNegate": "...",
            "CSSMathProduct": "...",
            "CSSMathSum": "...",
            "CSSMathValue": "...",
            "CSSMatrixComponent": "...",
            "CSSMediaRule": "...",
            "CSSNamespaceRule": "...",
            "CSSNestedDeclarations": "...",
            "CSSNumericArray": "...",
            "CSSNumericValue": "...",
            "CSSPageDescriptors": "...",
            "CSSPageRule": "...",
            "CSSPerspective": "...",
            "CSSPositionTryDescriptors": "...",
            "CSSPositionTryRule": "...",
            "CSSPositionValue": "...",
            "CSSPropertyRule": "...",
            "CSSRotate": "...",
            "CSSRule": "...",
            "CSSRuleList": "...",
            "CSSScale": "...",
            "CSSScopeRule": "...",
            "CSSSkew": "...",
            "CSSSkewX": "...",
            "CSSSkewY": "...",
            "CSSStartingStyleRule": "...",
            "CSSStyleDeclaration": "...",
            "CSSStyleRule": "...",
            "CSSStyleSheet": "...",
            "CSSStyleValue": "...",
            "CSSSupportsRule": "...",
            "CSSTransformComponent": "...",
            "CSSTransformValue": "...",
            "CSSTransition": "...",
            "CSSTranslate": "...",
            "CSSUnitValue": "...",
            "CSSUnparsedValue": "...",
            "CSSVariableReferenceValue": "...",
            "CSSViewTransitionRule": "...",
            "Cache": "...",
            "CacheStorage": "...",
            "CanvasCaptureMediaStream": "...",
            "CanvasCaptureMediaStreamTrack": "...",
            "CanvasGradient": "...",
            "CanvasPattern": "...",
            "CanvasRenderingContext2D": "...",
            "CaptureController": "...",
            "CaretPosition": "...",
            "ChannelMergerNode": "...",
            "ChannelSplitterNode": "...",
            "ChapterInformation": "...",
            "CharacterBoundsUpdateEvent": "...",
            "CharacterData": "...",
            "Clipboard": "...",
            "ClipboardEvent": "...",
            "ClipboardItem": "...",
            "CloseEvent": "...",
            "CloseWatcher": "...",
            "Comment": "...",
            "CompositionEvent": "...",
            "CompressionStream": "...",
            "ConstantSourceNode": "...",
            "ContentVisibilityAutoStateChangeEvent": "...",
            "ConvolverNode": "...",
            "CookieChangeEvent": "...",
            "CookieDeprecationLabel": "...",
            "CookieStore": "...",
            "CookieStoreManager": "...",
            "CountQueuingStrategy": "...",
            "Credential": "...",
            "CredentialsContainer": "...",
            "CropTarget": "...",
            "Crypto": "...",
            "CryptoKey": "...",
            "CustomElementRegistry": "...",
            "CustomEvent": "...",
            "CustomStateSet": "...",
            "DOMError": "...",
            "DOMException": "...",
            "DOMImplementation": "...",
            "DOMMatrix": "...",
            "DOMMatrixReadOnly": "...",
            "DOMParser": "...",
            "DOMPoint": "...",
            "DOMPointReadOnly": "...",
            "DOMQuad": "...",
            "DOMRect": "...",
            "DOMRectList": "...",
            "DOMRectReadOnly": "...",
            "DOMStringList": "...",
            "DOMStringMap": "...",
            "DOMTokenList": "...",
            "DataTransfer": "...",
            "DataTransferItem": "...",
            "DataTransferItemList": "...",
            "DecompressionStream": "...",
            "DelayNode": "...",
            "DelegatedInkTrailPresenter": "...",
            "DeviceMotionEvent": "...",
            "DeviceMotionEventAcceleration": "...",
            "DeviceMotionEventRotationRate": "...",
            "DeviceOrientationEvent": "...",
            "Document": "...",
            "DocumentFragment": "...",
            "DocumentPictureInPicture": "...",
            "DocumentPictureInPictureEvent": "...",
            "DocumentTimeline": "...",
            "DocumentType": "...",
            "DragEvent": "...",
            "DynamicsCompressorNode": "...",
            "EditContext": "...",
            "Element": "...",
            "ElementInternals": "...",
            "EncodedAudioChunk": "...",
            "EncodedVideoChunk": "...",
            "ErrorEvent": "...",
            "Event": "...",
            "EventCounts": "...",
            "EventSource": "...",
            "EventTarget": "...",
            "External": "...",
            "EyeDropper": "...",
            "FeaturePolicy": "...",
            "FederatedCredential": "...",
            "Fence": "...",
            "FencedFrameConfig": "...",
            "FetchLaterResult": "...",
            "File": "...",
            "FileList": "...",
            "FileReader": "...",
            "FileSystem": "...",
            "FileSystemDirectoryEntry": "...",
            "FileSystemDirectoryHandle": "...",
            "FileSystemDirectoryReader": "...",
            "FileSystemEntry": "...",
            "FileSystemFileEntry": "...",
            "FileSystemFileHandle": "...",
            "FileSystemHandle": "...",
            "FileSystemWritableFileStream": "...",
            "Float16Array": "...",
            "FocusEvent": "...",
            "FontData": "...",
            "FontFace": "...",
            "FontFaceSet": "...",
            "FontFaceSetLoadEvent": "...",
            "FormData": "...",
            "FormDataEvent": "...",
            "FragmentDirective": "...",
            "GPU": "...",
            "GPUAdapter": "...",
            "GPUAdapterInfo": "...",
            "GPUBindGroup": "...",
            "GPUBindGroupLayout": "...",
            "GPUBuffer": "...",
            "GPUBufferUsage": "...",
            "GPUCanvasContext": "...",
            "GPUColorWrite": "...",
            "GPUCommandBuffer": "...",
            "GPUCommandEncoder": "...",
            "GPUCompilationInfo": "...",
            "GPUCompilationMessage": "...",
            "GPUComputePassEncoder": "...",
            "GPUComputePipeline": "...",
            "GPUDevice": "...",
            "GPUDeviceLostInfo": "...",
            "GPUError": "...",
            "GPUExternalTexture": "...",
            "GPUInternalError": "...",
            "GPUMapMode": "...",
            "GPUOutOfMemoryError": "...",
            "GPUPipelineError": "...",
            "GPUPipelineLayout": "...",
            "GPUQuerySet": "...",
            "GPUQueue": "...",
            "GPURenderBundle": "...",
            "GPURenderBundleEncoder": "...",
            "GPURenderPassEncoder": "...",
            "GPURenderPipeline": "...",
            "GPUSampler": "...",
            "GPUShaderModule": "...",
            "GPUShaderStage": "...",
            "GPUSupportedFeatures": "...",
            "GPUSupportedLimits": "...",
            "GPUTexture": "...",
            "GPUTextureUsage": "...",
            "GPUTextureView": "...",
            "GPUUncapturedErrorEvent": "...",
            "GPUValidationError": "...",
            "GainNode": "...",
            "Gamepad": "...",
            "GamepadAxisMoveEvent": "...",
            "GamepadButton": "...",
            "GamepadButtonEvent": "...",
            "GamepadEvent": "...",
            "GamepadHapticActuator": "...",
            "GamepadPose": "...",
            "Geolocation": "...",
            "GeolocationCoordinates": "...",
            "GeolocationPosition": "...",
            "GeolocationPositionError": "...",
            "GravitySensor": "...",
            "Gyroscope": "...",
            "HID": "...",
            "HIDConnectionEvent": "...",
            "HIDDevice": "...",
            "HIDInputReportEvent": "...",
            "HTMLAllCollection": "...",
            "HTMLAnchorElement": "...",
            "HTMLAreaElement": "...",
            "HTMLAudioElement": "...",
            "HTMLBRElement": "...",
            "HTMLBaseElement": "...",
            "HTMLBodyElement": "...",
            "HTMLButtonElement": "...",
            "HTMLCanvasElement": "...",
            "HTMLCollection": "...",
            "HTMLDListElement": "...",
            "HTMLDataElement": "...",
            "HTMLDataListElement": "...",
            "HTMLDetailsElement": "...",
            "HTMLDialogElement": "...",
            "HTMLDirectoryElement": "...",
            "HTMLDivElement": "...",
            "HTMLDocument": "...",
            "HTMLElement": "...",
            "HTMLEmbedElement": "...",
            "HTMLFencedFrameElement": "...",
            "HTMLFieldSetElement": "...",
            "HTMLFontElement": "...",
            "HTMLFormControlsCollection": "...",
            "HTMLFormElement": "...",
            "HTMLFrameElement": "...",
            "HTMLFrameSetElement": "...",
            "HTMLHRElement": "...",
            "HTMLHeadElement": "...",
            "HTMLHeadingElement": "...",
            "HTMLHtmlElement": "...",
            "HTMLIFrameElement": "...",
            "HTMLImageElement": "...",
            "HTMLInputElement": "...",
            "HTMLLIElement": "...",
            "HTMLLabelElement": "...",
            "HTMLLegendElement": "...",
            "HTMLLinkElement": "...",
            "HTMLMapElement": "...",
            "HTMLMarqueeElement": "...",
            "HTMLMediaElement": "...",
            "HTMLMenuElement": "...",
            "HTMLMetaElement": "...",
            "HTMLMeterElement": "...",
            "HTMLModElement": "...",
            "HTMLOListElement": "...",
            "HTMLObjectElement": "...",
            "HTMLOptGroupElement": "...",
            "HTMLOptionElement": "...",
            "HTMLOptionsCollection": "...",
            "HTMLOutputElement": "...",
            "HTMLParagraphElement": "...",
            "HTMLParamElement": "...",
            "HTMLPictureElement": "...",
            "HTMLPreElement": "...",
            "HTMLProgressElement": "...",
            "HTMLQuoteElement": "...",
            "HTMLScriptElement": "...",
            "HTMLSelectElement": "...",
            "HTMLSlotElement": "...",
            "HTMLSourceElement": "...",
            "HTMLSpanElement": "...",
            "HTMLStyleElement": "...",
            "HTMLTableCaptionElement": "...",
            "HTMLTableCellElement": "...",
            "HTMLTableColElement": "...",
            "HTMLTableElement": "...",
            "HTMLTableRowElement": "...",
            "HTMLTableSectionElement": "...",
            "HTMLTemplateElement": "...",
            "HTMLTextAreaElement": "...",
            "HTMLTimeElement": "...",
            "HTMLTitleElement": "...",
            "HTMLTrackElement": "...",
            "HTMLUListElement": "...",
            "HTMLUnknownElement": "...",
            "HTMLVideoElement": "...",
            "HashChangeEvent": "...",
            "Headers": "...",
            "Highlight": "...",
            "HighlightRegistry": "...",
            "History": "...",
            "IDBCursor": "...",
            "IDBCursorWithValue": "...",
            "IDBDatabase": "...",
            "IDBFactory": "...",
            "IDBIndex": "...",
            "IDBKeyRange": "...",
            "IDBObjectStore": "...",
            "IDBOpenDBRequest": "...",
            "IDBRequest": "...",
            "IDBTransaction": "...",
            "IDBVersionChangeEvent": "...",
            "IIRFilterNode": "...",
            "IdentityCredential": "...",
            "IdentityCredentialError": "...",
            "IdentityProvider": "...",
            "IdleDeadline": "...",
            "IdleDetector": "...",
            "Image": "...",
            "ImageBitmap": "...",
            "ImageBitmapRenderingContext": "...",
            "ImageCapture": "...",
            "ImageData": "...",
            "ImageDecoder": "...",
            "ImageTrack": "...",
            "ImageTrackList": "...",
            "Ink": "...",
            "InputDeviceCapabilities": "...",
            "InputDeviceInfo": "...",
            "InputEvent": "...",
            "IntersectionObserver": "...",
            "IntersectionObserverEntry": "...",
            "Keyboard": "...",
            "KeyboardEvent": "...",
            "KeyboardLayoutMap": "...",
            "KeyframeEffect": "...",
            "LargestContentfulPaint": "...",
            "LaunchParams": "...",
            "LaunchQueue": "...",
            "LayoutShift": "...",
            "LayoutShiftAttribution": "...",
            "LinearAccelerationSensor": "...",
            "Location": "...",
            "Lock": "...",
            "LockManager": "...",
            "MIDIAccess": "...",
            "MIDIConnectionEvent": "...",
            "MIDIInput": "...",
            "MIDIInputMap": "...",
            "MIDIMessageEvent": "...",
            "MIDIOutput": "...",
            "MIDIOutputMap": "...",
            "MIDIPort": "...",
            "MathMLElement": "...",
            "MediaCapabilities": "...",
            "MediaCapabilitiesInfo": "...",
            "MediaDeviceInfo": "...",
            "MediaDevices": "...",
            "MediaElementAudioSourceNode": "...",
            "MediaEncryptedEvent": "...",
            "MediaError": "...",
            "MediaKeyError": "...",
            "MediaKeyMessageEvent": "...",
            "MediaKeySession": "...",
            "MediaKeyStatusMap": "...",
            "MediaKeySystemAccess": "...",
            "MediaKeys": "...",
            "MediaList": "...",
            "MediaMetadata": "...",
            "MediaQueryList": "...",
            "MediaQueryListEvent": "...",
            "MediaRecorder": "...",
            "MediaRecorderErrorEvent": "...",
            "MediaSession": "...",
            "MediaSource": "...",
            "MediaSourceHandle": "...",
            "MediaStream": "...",
            "MediaStreamAudioDestinationNode": "...",
            "MediaStreamAudioSourceNode": "...",
            "MediaStreamEvent": "...",
            "MediaStreamTrack": "...",
            "MediaStreamTrackAudioSourceNode": "...",
            "MediaStreamTrackAudioStats": "...",
            "MediaStreamTrackEvent": "...",
            "MediaStreamTrackGenerator": "...",
            "MediaStreamTrackProcessor": "...",
            "MediaStreamTrackVideoStats": "...",
            "MessageChannel": "...",
            "MessageEvent": "...",
            "MessagePort": "...",
            "MimeType": "...",
            "MimeTypeArray": "...",
            "ModelGenericSession": "...",
            "ModelManager": "...",
            "MouseEvent": "...",
            "MutationEvent": "...",
            "MutationObserver": "...",
            "MutationRecord": "...",
            "NamedNodeMap": "...",
            "NavigateEvent": "...",
            "Navigation": "...",
            "NavigationActivation": "...",
            "NavigationCurrentEntryChangeEvent": "...",
            "NavigationDestination": "...",
            "NavigationHistoryEntry": "...",
            "NavigationPreloadManager": "...",
            "NavigationTransition": "...",
            "Navigator": "...",
            "NavigatorLogin": "...",
            "NavigatorManagedData": "...",
            "NavigatorUAData": "...",
            "NetworkInformation": "...",
            "Node": "...",
            "NodeFilter": "...",
            "NodeIterator": "...",
            "NodeList": "...",
            "NotRestoredReasonDetails": "...",
            "NotRestoredReasons": "...",
            "Notification": "...",
            "NotifyPaintEvent": "...",
            "OTPCredential": "...",
            "OfflineAudioCompletionEvent": "...",
            "OfflineAudioContext": "...",
            "OffscreenCanvas": "...",
            "OffscreenCanvasRenderingContext2D": "...",
            "Option": "...",
            "OrientationSensor": "...",
            "OscillatorNode": "...",
            "OverconstrainedError": "...",
            "PERSISTENT": "...",
            "PageRevealEvent": "...",
            "PageSwapEvent": "...",
            "PageTransitionEvent": "...",
            "PannerNode": "...",
            "PasswordCredential": "...",
            "Path2D": "...",
            "PaymentAddress": "...",
            "PaymentManager": "...",
            "PaymentMethodChangeEvent": "...",
            "PaymentRequest": "...",
            "PaymentRequestUpdateEvent": "...",
            "PaymentResponse": "...",
            "Performance": "...",
            "PerformanceElementTiming": "...",
            "PerformanceEntry": "...",
            "PerformanceEventTiming": "...",
            "PerformanceLongAnimationFrameTiming": "...",
            "PerformanceLongTaskTiming": "...",
            "PerformanceMark": "...",
            "PerformanceMeasure": "...",
            "PerformanceNavigation": "...",
            "PerformanceNavigationTiming": "...",
            "PerformanceObserver": "...",
            "PerformanceObserverEntryList": "...",
            "PerformancePaintTiming": "...",
            "PerformanceResourceTiming": "...",
            "PerformanceScriptTiming": "...",
            "PerformanceServerTiming": "...",
            "PerformanceTiming": "...",
            "PeriodicSyncManager": "...",
            "PeriodicWave": "...",
            "PermissionStatus": "...",
            "Permissions": "...",
            "PictureInPictureEvent": "...",
            "PictureInPictureWindow": "...",
            "Plugin": "...",
            "PluginArray": "...",
            "PointerEvent": "...",
            "PopStateEvent": "...",
            "Presentation": "...",
            "PresentationAvailability": "...",
            "PresentationConnection": "...",
            "PresentationConnectionAvailableEvent": "...",
            "PresentationConnectionCloseEvent": "...",
            "PresentationConnectionList": "...",
            "PresentationReceiver": "...",
            "PresentationRequest": "...",
            "PressureObserver": "...",
            "PressureRecord": "...",
            "ProcessingInstruction": "...",
            "Profiler": "...",
            "ProgressEvent": "...",
            "PromiseRejectionEvent": "...",
            "ProtectedAudience": "...",
            "PublicKeyCredential": "...",
            "PushManager": "...",
            "PushSubscription": "...",
            "PushSubscriptionOptions": "...",
            "RTCCertificate": "...",
            "RTCDTMFSender": "...",
            "RTCDTMFToneChangeEvent": "...",
            "RTCDataChannel": "...",
            "RTCDataChannelEvent": "...",
            "RTCDtlsTransport": "...",
            "RTCEncodedAudioFrame": "...",
            "RTCEncodedVideoFrame": "...",
            "RTCError": "...",
            "RTCErrorEvent": "...",
            "RTCIceCandidate": "...",
            "RTCIceTransport": "...",
            "RTCPeerConnection": "...",
            "RTCPeerConnectionIceErrorEvent": "...",
            "RTCPeerConnectionIceEvent": "...",
            "RTCRtpReceiver": "...",
            "RTCRtpScriptTransform": "...",
            "RTCRtpSender": "...",
            "RTCRtpTransceiver": "...",
            "RTCSctpTransport": "...",
            "RTCSessionDescription": "...",
            "RTCStatsReport": "...",
            "RTCTrackEvent": "...",
            "RadioNodeList": "...",
            "Range": "...",
            "ReadableByteStreamController": "...",
            "ReadableStream": "...",
            "ReadableStreamBYOBReader": "...",
            "ReadableStreamBYOBRequest": "...",
            "ReadableStreamDefaultController": "...",
            "ReadableStreamDefaultReader": "...",
            "RelativeOrientationSensor": "...",
            "RemotePlayback": "...",
            "ReportingObserver": "...",
            "Request": "...",
            "ResizeObserver": "...",
            "ResizeObserverEntry": "...",
            "ResizeObserverSize": "...",
            "Response": "...",
            "SVGAElement": "...",
            "SVGAngle": "...",
            "SVGAnimateElement": "...",
            "SVGAnimateMotionElement": "...",
            "SVGAnimateTransformElement": "...",
            "SVGAnimatedAngle": "...",
            "SVGAnimatedBoolean": "...",
            "SVGAnimatedEnumeration": "...",
            "SVGAnimatedInteger": "...",
            "SVGAnimatedLength": "...",
            "SVGAnimatedLengthList": "...",
            "SVGAnimatedNumber": "...",
            "SVGAnimatedNumberList": "...",
            "SVGAnimatedPreserveAspectRatio": "...",
            "SVGAnimatedRect": "...",
            "SVGAnimatedString": "...",
            "SVGAnimatedTransformList": "...",
            "SVGAnimationElement": "...",
            "SVGCircleElement": "...",
            "SVGClipPathElement": "...",
            "SVGComponentTransferFunctionElement": "...",
            "SVGDefsElement": "...",
            "SVGDescElement": "...",
            "SVGElement": "...",
            "SVGEllipseElement": "...",
            "SVGFEBlendElement": "...",
            "SVGFEColorMatrixElement": "...",
            "SVGFEComponentTransferElement": "...",
            "SVGFECompositeElement": "...",
            "SVGFEConvolveMatrixElement": "...",
            "SVGFEDiffuseLightingElement": "...",
            "SVGFEDisplacementMapElement": "...",
            "SVGFEDistantLightElement": "...",
            "SVGFEDropShadowElement": "...",
            "SVGFEFloodElement": "...",
            "SVGFEFuncAElement": "...",
            "SVGFEFuncBElement": "...",
            "SVGFEFuncGElement": "...",
            "SVGFEFuncRElement": "...",
            "SVGFEGaussianBlurElement": "...",
            "SVGFEImageElement": "...",
            "SVGFEMergeElement": "...",
            "SVGFEMergeNodeElement": "...",
            "SVGFEMorphologyElement": "...",
            "SVGFEOffsetElement": "...",
            "SVGFEPointLightElement": "...",
            "SVGFESpecularLightingElement": "...",
            "SVGFESpotLightElement": "...",
            "SVGFETileElement": "...",
            "SVGFETurbulenceElement": "...",
            "SVGFilterElement": "...",
            "SVGForeignObjectElement": "...",
            "SVGGElement": "...",
            "SVGGeometryElement": "...",
            "SVGGradientElement": "...",
            "SVGGraphicsElement": "...",
            "SVGImageElement": "...",
            "SVGLength": "...",
            "SVGLengthList": "...",
            "SVGLineElement": "...",
            "SVGLinearGradientElement": "...",
            "SVGMPathElement": "...",
            "SVGMarkerElement": "...",
            "SVGMaskElement": "...",
            "SVGMatrix": "...",
            "SVGMetadataElement": "...",
            "SVGNumber": "...",
            "SVGNumberList": "...",
            "SVGPathElement": "...",
            "SVGPatternElement": "...",
            "SVGPoint": "...",
            "SVGPointList": "...",
            "SVGPolygonElement": "...",
            "SVGPolylineElement": "...",
            "SVGPreserveAspectRatio": "...",
            "SVGRadialGradientElement": "...",
            "SVGRect": "...",
            "SVGRectElement": "...",
            "SVGSVGElement": "...",
            "SVGScriptElement": "...",
            "SVGSetElement": "...",
            "SVGStopElement": "...",
            "SVGStringList": "...",
            "SVGStyleElement": "...",
            "SVGSwitchElement": "...",
            "SVGSymbolElement": "...",
            "SVGTSpanElement": "...",
            "SVGTextContentElement": "...",
            "SVGTextElement": "...",
            "SVGTextPathElement": "...",
            "SVGTextPositioningElement": "...",
            "SVGTitleElement": "...",
            "SVGTransform": "...",
            "SVGTransformList": "...",
            "SVGUnitTypes": "...",
            "SVGUseElement": "...",
            "SVGViewElement": "...",
            "Scheduler": "...",
            "Scheduling": "...",
            "Screen": "...",
            "ScreenDetailed": "...",
            "ScreenDetails": "...",
            "ScreenOrientation": "...",
            "ScriptProcessorNode": "...",
            "ScrollTimeline": "...",
            "SecurityPolicyViolationEvent": "...",
            "Selection": "...",
            "Sensor": "...",
            "SensorErrorEvent": "...",
            "Serial": "...",
            "SerialPort": "...",
            "ServiceWorker": "...",
            "ServiceWorkerContainer": "...",
            "ServiceWorkerRegistration": "...",
            "ShadowRoot": "...",
            "SharedStorage": "...",
            "SharedStorageWorklet": "...",
            "SharedWorker": "...",
            "SnapEvent": "...",
            "SourceBuffer": "...",
            "SourceBufferList": "...",
            "SpeechSynthesis": "...",
            "SpeechSynthesisErrorEvent": "...",
            "SpeechSynthesisEvent": "...",
            "SpeechSynthesisUtterance": "...",
            "SpeechSynthesisVoice": "...",
            "StaticRange": "...",
            "StereoPannerNode": "...",
            "Storage": "...",
            "StorageBucket": "...",
            "StorageBucketManager": "...",
            "StorageEvent": "...",
            "StorageManager": "...",
            "StylePropertyMap": "...",
            "StylePropertyMapReadOnly": "...",
            "StyleSheet": "...",
            "StyleSheetList": "...",
            "SubmitEvent": "...",
            "SubtleCrypto": "...",
            "SyncManager": "...",
            "TEMPORARY": "...",
            "TaskAttributionTiming": "...",
            "TaskController": "...",
            "TaskPriorityChangeEvent": "...",
            "TaskSignal": "...",
            "Text": "...",
            "TextDecoder": "...",
            "TextDecoderStream": "...",
            "TextEncoder": "...",
            "TextEncoderStream": "...",
            "TextEvent": "...",
            "TextFormat": "...",
            "TextFormatUpdateEvent": "...",
            "TextMetrics": "...",
            "TextTrack": "...",
            "TextTrackCue": "...",
            "TextTrackCueList": "...",
            "TextTrackList": "...",
            "TextUpdateEvent": "...",
            "TimeEvent": "...",
            "TimeRanges": "...",
            "ToggleEvent": "...",
            "Touch": "...",
            "TouchEvent": "...",
            "TouchList": "...",
            "TrackEvent": "...",
            "TransformStream": "...",
            "TransformStreamDefaultController": "...",
            "TransitionEvent": "...",
            "TreeWalker": "...",
            "TrustedHTML": "...",
            "TrustedScript": "...",
            "TrustedScriptURL": "...",
            "TrustedTypePolicy": "...",
            "TrustedTypePolicyFactory": "...",
            "UIEvent": "...",
            "URL": "...",
            "URLPattern": "...",
            "URLSearchParams": "...",
            "USB": "...",
            "USBAlternateInterface": "...",
            "USBConfiguration": "...",
            "USBConnectionEvent": "...",
            "USBDevice": "...",
            "USBEndpoint": "...",
            "USBInTransferResult": "...",
            "USBInterface": "...",
            "USBIsochronousInTransferPacket": "...",
            "USBIsochronousInTransferResult": "...",
            "USBIsochronousOutTransferPacket": "...",
            "USBIsochronousOutTransferResult": "...",
            "USBOutTransferResult": "...",
            "UserActivation": "...",
            "VTTCue": "...",
            "VTTRegion": "...",
            "ValidityState": "...",
            "VideoColorSpace": "...",
            "VideoDecoder": "...",
            "VideoEncoder": "...",
            "VideoFrame": "...",
            "VideoPlaybackQuality": "...",
            "ViewTimeline": "...",
            "ViewTransition": "...",
            "ViewTransitionTypeSet": "...",
            "VirtualKeyboard": "...",
            "VirtualKeyboardGeometryChangeEvent": "...",
            "VisibilityStateEntry": "...",
            "VisualViewport": "...",
            "WGSLLanguageFeatures": "...",
            "WakeLock": "...",
            "WakeLockSentinel": "...",
            "WaveShaperNode": "...",
            "WebAssembly": "...",
            "WebGL2RenderingContext": "...",
            "WebGLActiveInfo": "...",
            "WebGLBuffer": "...",
            "WebGLContextEvent": "...",
            "WebGLFramebuffer": "...",
            "WebGLObject": "...",
            "WebGLProgram": "...",
            "WebGLQuery": "...",
            "WebGLRenderbuffer": "...",
            "WebGLRenderingContext": "...",
            "WebGLSampler": "...",
            "WebGLShader": "...",
            "WebGLShaderPrecisionFormat": "...",
            "WebGLSync": "...",
            "WebGLTexture": "...",
            "WebGLTransformFeedback": "...",
            "WebGLUniformLocation": "...",
            "WebGLVertexArrayObject": "...",
            "WebSocket": "...",
            "WebSocketError": "...",
            "WebSocketStream": "...",
            "WebTransport": "...",
            "WebTransportBidirectionalStream": "...",
            "WebTransportDatagramDuplexStream": "...",
            "WebTransportError": "...",
            "WebTransportReceiveStream": "...",
            "WebTransportSendStream": "...",
            "WheelEvent": "...",
            "Window": "...",
            "WindowControlsOverlay": "...",
            "WindowControlsOverlayGeometryChangeEvent": "...",
            "Worker": "...",
            "Worklet": "...",
            "WorkletGlobalScope": "...",
            "WritableStream": "...",
            "WritableStreamDefaultController": "...",
            "WritableStreamDefaultWriter": "...",
            "XMLDocument": "...",
            "XMLHttpRequest": "...",
            "XMLHttpRequestEventTarget": "...",
            "XMLHttpRequestUpload": "...",
            "XMLSerializer": "...",
            "XPathEvaluator": "...",
            "XPathExpression": "...",
            "XPathResult": "...",
            "XRAnchor": "...",
            "XRAnchorSet": "...",
            "XRBoundedReferenceSpace": "...",
            "XRCPUDepthInformation": "...",
            "XRCamera": "...",
            "XRDOMOverlayState": "...",
            "XRDepthInformation": "...",
            "XRFrame": "...",
            "XRHand": "...",
            "XRHitTestResult": "...",
            "XRHitTestSource": "...",
            "XRInputSource": "...",
            "XRInputSourceArray": "...",
            "XRInputSourceEvent": "...",
            "XRInputSourcesChangeEvent": "...",
            "XRJointPose": "...",
            "XRJointSpace": "...",
            "XRLayer": "...",
            "XRLightEstimate": "...",
            "XRLightProbe": "...",
            "XRPose": "...",
            "XRRay": "...",
            "XRReferenceSpace": "...",
            "XRReferenceSpaceEvent": "...",
            "XRRenderState": "...",
            "XRRigidTransform": "...",
            "XRSession": "...",
            "XRSessionEvent": "...",
            "XRSpace": "...",
            "XRSystem": "...",
            "XRTransientInputHitTestResult": "...",
            "XRTransientInputHitTestSource": "...",
            "XRView": "...",
            "XRViewerPose": "...",
            "XRViewport": "...",
            "XRWebGLBinding": "...",
            "XRWebGLDepthInformation": "...",
            "XRWebGLLayer": "...",
            "XSLTProcessor": "...",
            "addEventListener": "...",
            "ai": "...",
            "alert": "...",
            "atob": "...",
            "blur": "...",
            "btoa": "...",
            "caches": "...",
            "cancelAnimationFrame": "...",
            "cancelIdleCallback": "...",
            "clearInterval": "...",
            "clearTimeout": "...",
            "clientInformation": "...",
            "close": "...",
            "closed": "...",
            "confirm": "...",
            "console": "...",
            "cookieStore": "...",
            "createImageBitmap": "...",
            "credentialless": "...",
            "crossOriginIsolated": "...",
            "crypto": "...",
            "currentFrame": "...",
            "currentTime": "...",
            "customElements": "...",
            "devicePixelRatio": "...",
            "dispatchEvent": "...",
            "document": "...",
            "documentPictureInPicture": "...",
            "event": "...",
            "external": "...",
            "fence": "...",
            "fetch": "...",
            "fetchLater": "...",
            "find": "...",
            "focus": "...",
            "frameElement": "...",
            "frames": "...",
            "getComputedStyle": "...",
            "getScreenDetails": "...",
            "getSelection": "...",
            "history": "...",
            "indexedDB": "...",
            "innerHeight": "...",
            "innerWidth": "...",
            "isSecureContext": "...",
            "launchQueue": "...",
            "length": "...",
            "localStorage": "...",
            "location": "...",
            "locationbar": "...",
            "matchMedia": "...",
            "menubar": "...",
            "model": "...",
            "moveBy": "...",
            "moveTo": "...",
            "name": "...",
            "navigation": "...",
            "navigator": "...",
            "offscreenBuffering": "...",
            "onabort": "...",
            "onafterprint": "...",
            "onanimationcancel": "...",
            "onanimationend": "...",
            "onanimationiteration": "...",
            "onanimationstart": "...",
            "onappinstalled": "...",
            "onauxclick": "...",
            "onbeforeinput": "...",
            "onbeforeinstallprompt": "...",
            "onbeforematch": "...",
            "onbeforeprint": "...",
            "onbeforetoggle": "...",
            "onbeforeunload": "...",
            "onbeforexrselect": "...",
            "onblur": "...",
            "oncancel": "...",
            "oncanplay": "...",
            "oncanplaythrough": "...",
            "onchange": "...",
            "onclick": "...",
            "onclose": "...",
            "oncontentvisibilityautostatechange": "...",
            "oncontextlost": "...",
            "oncontextmenu": "...",
            "oncontextrestored": "...",
            "oncopy": "...",
            "oncuechange": "...",
            "oncut": "...",
            "ondblclick": "...",
            "ondevicemotion": "...",
            "ondeviceorientation": "...",
            "ondeviceorientationabsolute": "...",
            "ondrag": "...",
            "ondragend": "...",
            "ondragenter": "...",
            "ondragleave": "...",
            "ondragover": "...",
            "ondragstart": "...",
            "ondrop": "...",
            "ondurationchange": "...",
            "onemptied": "...",
            "onended": "...",
            "onerror": "...",
            "onfocus": "...",
            "onformdata": "...",
            "ongamepadconnected": "...",
            "ongamepaddisconnected": "...",
            "ongotpointercapture": "...",
            "onhashchange": "...",
            "oninput": "...",
            "oninvalid": "...",
            "onkeydown": "...",
            "onkeypress": "...",
            "onkeyup": "...",
            "onlanguagechange": "...",
            "onload": "...",
            "onloadeddata": "...",
            "onloadedmetadata": "...",
            "onloadstart": "...",
            "onlostpointercapture": "...",
            "onmessage": "...",
            "onmessageerror": "...",
            "onmousedown": "...",
            "onmouseenter": "...",
            "onmouseleave": "...",
            "onmousemove": "...",
            "onmouseout": "...",
            "onmouseover": "...",
            "onmouseup": "...",
            "onmousewheel": "...",
            "onoffline": "...",
            "ononline": "...",
            "onpagehide": "...",
            "onpagereveal": "...",
            "onpageshow": "...",
            "onpageswap": "...",
            "onpaste": "...",
            "onpause": "...",
            "onplay": "...",
            "onplaying": "...",
            "onpointercancel": "...",
            "onpointerdown": "...",
            "onpointerenter": "...",
            "onpointerleave": "...",
            "onpointermove": "...",
            "onpointerout": "...",
            "onpointerover": "...",
            "onpointerrawupdate": "...",
            "onpointerup": "...",
            "onpopstate": "...",
            "onprogress": "...",
            "onratechange": "...",
            "onrejectionhandled": "...",
            "onreset": "...",
            "onresize": "...",
            "onscroll": "...",
            "onscrollend": "...",
            "onscrollsnapchange": "...",
            "onscrollsnapchanging": "...",
            "onsearch": "...",
            "onsecuritypolicyviolation": "...",
            "onseeked": "...",
            "onseeking": "...",
            "onselect": "...",
            "onselectionchange": "...",
            "onselectstart": "...",
            "onslotchange": "...",
            "onstalled": "...",
            "onstorage": "...",
            "onsubmit": "...",
            "onsuspend": "...",
            "ontimeupdate": "...",
            "ontoggle": "...",
            "ontransitioncancel": "...",
            "ontransitionend": "...",
            "ontransitionrun": "...",
            "ontransitionstart": "...",
            "onunhandledrejection": "...",
            "onunload": "...",
            "onvolumechange": "...",
            "onwaiting": "...",
            "onwheel": "...",
            "open": "...",
            "opener": "...",
            "origin": "...",
            "originAgentCluster": "...",
            "outerHeight": "...",
            "outerWidth": "...",
            "pageXOffset": "...",
            "pageYOffset": "...",
            "parent": "...",
            "performance": "...",
            "personalbar": "...",
            "postMessage": "...",
            "print": "...",
            "prompt": "...",
            "queryLocalFonts": "...",
            "queueMicrotask": "...",
            "registerProcessor": "...",
            "removeEventListener": "...",
            "reportError": "...",
            "requestAnimationFrame": "...",
            "requestIdleCallback": "...",
            "resizeBy": "...",
            "resizeTo": "...",
            "sampleRate": "...",
            "scheduler": "...",
            "screen": "...",
            "screenLeft": "...",
            "screenTop": "...",
            "screenX": "...",
            "screenY": "...",
            "scroll": "...",
            "scrollBy": "...",
            "scrollTo": "...",
            "scrollX": "...",
            "scrollY": "...",
            "scrollbars": "...",
            "self": "...",
            "sessionStorage": "...",
            "setInterval": "...",
            "setTimeout": "...",
            "sharedStorage": "...",
            "showDirectoryPicker": "...",
            "showOpenFilePicker": "...",
            "showSaveFilePicker": "...",
            "speechSynthesis": "...",
            "status": "...",
            "statusbar": "...",
            "stop": "...",
            "structuredClone": "...",
            "styleMedia": "...",
            "toolbar": "...",
            "top": "...",
            "trustedTypes": "...",
            "visualViewport": "...",
            "window": "...",
          },
        },
        "name": "shuunen/browser",
      },
      {
        "languageOptions": {
          "parserOptions": {
            "ecmaFeatures": "...",
          },
        },
        "name": "tailwindcss:base",
        "plugins": {
          "tailwindcss": {
            "configs": "...",
            "rules": "...",
          },
        },
      },
      {
        "name": "tailwindcss:rules",
        "rules": {
          "tailwindcss/classnames-order": "warn",
          "tailwindcss/enforces-negative-arbitrary-values": "warn",
          "tailwindcss/enforces-shorthand": "warn",
          "tailwindcss/migration-from-tailwind-2": "warn",
          "tailwindcss/no-arbitrary-value": "off",
          "tailwindcss/no-contradicting-classname": "error",
          "tailwindcss/no-custom-classname": "warn",
          "tailwindcss/no-unnecessary-arbitrary-value": "warn",
        },
      },
      {
        "name": "shuunen/browser/tailwind-settings",
        "settings": {
          "tailwindcss": {
            "callees": "...",
            "whitelist": "...",
          },
        },
      },
    ],
    "node": [
      {
        "languageOptions": {
          "globals": {
            "AbortController": "...",
            "AbortSignal": "...",
            "Blob": "...",
            "BroadcastChannel": "...",
            "Buffer": "...",
            "ByteLengthQueuingStrategy": "...",
            "CloseEvent": "...",
            "CompressionStream": "...",
            "CountQueuingStrategy": "...",
            "Crypto": "...",
            "CryptoKey": "...",
            "CustomEvent": "...",
            "DOMException": "...",
            "DecompressionStream": "...",
            "Event": "...",
            "EventTarget": "...",
            "File": "...",
            "FormData": "...",
            "Headers": "...",
            "MessageChannel": "...",
            "MessageEvent": "...",
            "MessagePort": "...",
            "Navigator": "...",
            "Performance": "...",
            "PerformanceEntry": "...",
            "PerformanceMark": "...",
            "PerformanceMeasure": "...",
            "PerformanceObserver": "...",
            "PerformanceObserverEntryList": "...",
            "PerformanceResourceTiming": "...",
            "ReadableByteStreamController": "...",
            "ReadableStream": "...",
            "ReadableStreamBYOBReader": "...",
            "ReadableStreamBYOBRequest": "...",
            "ReadableStreamDefaultController": "...",
            "ReadableStreamDefaultReader": "...",
            "Request": "...",
            "Response": "...",
            "SubtleCrypto": "...",
            "TextDecoder": "...",
            "TextDecoderStream": "...",
            "TextEncoder": "...",
            "TextEncoderStream": "...",
            "TransformStream": "...",
            "TransformStreamDefaultController": "...",
            "URL": "...",
            "URLSearchParams": "...",
            "WebAssembly": "...",
            "WebSocket": "...",
            "WritableStream": "...",
            "WritableStreamDefaultController": "...",
            "WritableStreamDefaultWriter": "...",
            "__dirname": "...",
            "__filename": "...",
            "atob": "...",
            "btoa": "...",
            "clearImmediate": "...",
            "clearInterval": "...",
            "clearTimeout": "...",
            "console": "...",
            "crypto": "...",
            "exports": "...",
            "fetch": "...",
            "global": "...",
            "module": "...",
            "navigator": "...",
            "performance": "...",
            "process": "...",
            "queueMicrotask": "...",
            "require": "...",
            "setImmediate": "...",
            "setInterval": "...",
            "setTimeout": "...",
            "structuredClone": "...",
          },
        },
        "name": "shuunen/node",
      },
    ],
    "typescript": [
      {
        "files": [
          "**/*.ts",
          "**/*.tsx",
          "**/*.mts",
          "**/*.cts",
          "**/*.js",
          "**/*.cjs",
        ],
        "languageOptions": {
          "parser": {
            "meta": "...",
            "parseForESLint": "...",
          },
          "parserOptions": {
            "extraFileExtensions": "...",
            "parser": "...",
            "project": "...",
          },
          "sourceType": "module",
        },
        "name": "shuunen/typescript",
        "plugins": {
          "@typescript-eslint": {
            "configs": "...",
            "meta": "...",
            "rules": "...",
          },
        },
        "rules": {
          "@typescript-eslint/adjacent-overload-signatures": "error",
          "@typescript-eslint/array-type": "off",
          "@typescript-eslint/await-thenable": "error",
          "@typescript-eslint/ban-ts-comment": "error",
          "@typescript-eslint/ban-tslint-comment": "error",
          "@typescript-eslint/class-literal-property-style": "error",
          "@typescript-eslint/class-methods-use-this": "error",
          "@typescript-eslint/consistent-generic-constructors": "error",
          "@typescript-eslint/consistent-indexed-object-style": "error",
          "@typescript-eslint/consistent-return": "error",
          "@typescript-eslint/consistent-type-assertions": [
            "...",
            "...",
          ],
          "@typescript-eslint/consistent-type-definitions": "off",
          "@typescript-eslint/consistent-type-exports": "error",
          "@typescript-eslint/consistent-type-imports": [
            "...",
            "...",
          ],
          "@typescript-eslint/default-param-last": "error",
          "@typescript-eslint/dot-notation": "error",
          "@typescript-eslint/explicit-function-return-type": "off",
          "@typescript-eslint/explicit-member-accessibility": "error",
          "@typescript-eslint/explicit-module-boundary-types": "off",
          "@typescript-eslint/init-declarations": "error",
          "@typescript-eslint/max-params": "error",
          "@typescript-eslint/member-ordering": "off",
          "@typescript-eslint/method-signature-style": "error",
          "@typescript-eslint/naming-convention": [
            "...",
            "...",
            "...",
            "...",
            "...",
            "...",
            "...",
          ],
          "@typescript-eslint/no-array-constructor": "error",
          "@typescript-eslint/no-array-delete": "error",
          "@typescript-eslint/no-base-to-string": "error",
          "@typescript-eslint/no-confusing-non-null-assertion": "error",
          "@typescript-eslint/no-confusing-void-expression": "error",
          "@typescript-eslint/no-deprecated": "error",
          "@typescript-eslint/no-dupe-class-members": "error",
          "@typescript-eslint/no-duplicate-enum-values": "error",
          "@typescript-eslint/no-duplicate-type-constituents": "error",
          "@typescript-eslint/no-dynamic-delete": "error",
          "@typescript-eslint/no-empty-function": "error",
          "@typescript-eslint/no-empty-object-type": "error",
          "@typescript-eslint/no-explicit-any": "error",
          "@typescript-eslint/no-extra-non-null-assertion": "error",
          "@typescript-eslint/no-extraneous-class": "error",
          "@typescript-eslint/no-floating-promises": "error",
          "@typescript-eslint/no-for-in-array": "error",
          "@typescript-eslint/no-implied-eval": "error",
          "@typescript-eslint/no-import-type-side-effects": "error",
          "@typescript-eslint/no-inferrable-types": "error",
          "@typescript-eslint/no-invalid-this": "error",
          "@typescript-eslint/no-invalid-void-type": "error",
          "@typescript-eslint/no-loop-func": "error",
          "@typescript-eslint/no-magic-numbers": [
            "...",
            "...",
          ],
          "@typescript-eslint/no-meaningless-void-operator": "error",
          "@typescript-eslint/no-misused-new": "error",
          "@typescript-eslint/no-misused-promises": "error",
          "@typescript-eslint/no-misused-spread": "error",
          "@typescript-eslint/no-mixed-enums": "error",
          "@typescript-eslint/no-namespace": "error",
          "@typescript-eslint/no-non-null-asserted-nullish-coalescing": "error",
          "@typescript-eslint/no-non-null-asserted-optional-chain": "error",
          "@typescript-eslint/no-non-null-assertion": "error",
          "@typescript-eslint/no-redeclare": "error",
          "@typescript-eslint/no-redundant-type-constituents": "error",
          "@typescript-eslint/no-require-imports": "error",
          "@typescript-eslint/no-restricted-imports": "error",
          "@typescript-eslint/no-restricted-types": "error",
          "@typescript-eslint/no-shadow": "error",
          "@typescript-eslint/no-this-alias": "error",
          "@typescript-eslint/no-unnecessary-boolean-literal-compare": "error",
          "@typescript-eslint/no-unnecessary-condition": "error",
          "@typescript-eslint/no-unnecessary-parameter-property-assignment": "error",
          "@typescript-eslint/no-unnecessary-qualifier": "error",
          "@typescript-eslint/no-unnecessary-template-expression": "error",
          "@typescript-eslint/no-unnecessary-type-arguments": "error",
          "@typescript-eslint/no-unnecessary-type-assertion": "error",
          "@typescript-eslint/no-unnecessary-type-constraint": "error",
          "@typescript-eslint/no-unnecessary-type-parameters": "error",
          "@typescript-eslint/no-unsafe-argument": "error",
          "@typescript-eslint/no-unsafe-assignment": "error",
          "@typescript-eslint/no-unsafe-call": "error",
          "@typescript-eslint/no-unsafe-declaration-merging": "error",
          "@typescript-eslint/no-unsafe-enum-comparison": "error",
          "@typescript-eslint/no-unsafe-function-type": "error",
          "@typescript-eslint/no-unsafe-member-access": "error",
          "@typescript-eslint/no-unsafe-return": "error",
          "@typescript-eslint/no-unsafe-type-assertion": "error",
          "@typescript-eslint/no-unsafe-unary-minus": "error",
          "@typescript-eslint/no-unused-expressions": "error",
          "@typescript-eslint/no-unused-vars": "error",
          "@typescript-eslint/no-use-before-define": "error",
          "@typescript-eslint/no-useless-constructor": "error",
          "@typescript-eslint/no-useless-empty-export": "error",
          "@typescript-eslint/no-wrapper-object-types": "error",
          "@typescript-eslint/non-nullable-type-assertion-style": "error",
          "@typescript-eslint/only-throw-error": "error",
          "@typescript-eslint/parameter-properties": "error",
          "@typescript-eslint/prefer-as-const": "error",
          "@typescript-eslint/prefer-destructuring": "off",
          "@typescript-eslint/prefer-enum-initializers": "error",
          "@typescript-eslint/prefer-find": "error",
          "@typescript-eslint/prefer-for-of": "error",
          "@typescript-eslint/prefer-function-type": "error",
          "@typescript-eslint/prefer-includes": "error",
          "@typescript-eslint/prefer-literal-enum-member": "error",
          "@typescript-eslint/prefer-namespace-keyword": "error",
          "@typescript-eslint/prefer-nullish-coalescing": "error",
          "@typescript-eslint/prefer-optional-chain": "error",
          "@typescript-eslint/prefer-promise-reject-errors": "error",
          "@typescript-eslint/prefer-readonly": "error",
          "@typescript-eslint/prefer-readonly-parameter-types": [
            "...",
            "...",
          ],
          "@typescript-eslint/prefer-reduce-type-parameter": "error",
          "@typescript-eslint/prefer-regexp-exec": "error",
          "@typescript-eslint/prefer-return-this-type": "error",
          "@typescript-eslint/prefer-string-starts-ends-with": "error",
          "@typescript-eslint/promise-function-async": "error",
          "@typescript-eslint/related-getter-setter-pairs": "error",
          "@typescript-eslint/require-array-sort-compare": "error",
          "@typescript-eslint/require-await": "error",
          "@typescript-eslint/restrict-plus-operands": "error",
          "@typescript-eslint/restrict-template-expressions": "error",
          "@typescript-eslint/return-await": "error",
          "@typescript-eslint/strict-boolean-expressions": "error",
          "@typescript-eslint/switch-exhaustiveness-check": "error",
          "@typescript-eslint/triple-slash-reference": "error",
          "@typescript-eslint/typedef": "error",
          "@typescript-eslint/unbound-method": "error",
          "@typescript-eslint/unified-signatures": "error",
          "@typescript-eslint/use-unknown-in-catch-callback-variable": "error",
          "class-methods-use-this": "off",
          "consistent-return": "off",
          "constructor-super": "off",
          "default-param-last": "off",
          "dot-notation": "off",
          "getter-return": "off",
          "init-declarations": "off",
          "jsdoc/require-param-type": "off",
          "jsdoc/require-returns-type": "off",
          "max-params": "off",
          "no-array-constructor": "off",
          "no-class-assign": "off",
          "no-const-assign": "off",
          "no-dupe-args": "off",
          "no-dupe-class-members": "off",
          "no-dupe-keys": "off",
          "no-empty-function": "off",
          "no-func-assign": "off",
          "no-implied-eval": "off",
          "no-import-assign": "off",
          "no-invalid-this": "off",
          "no-loop-func": "off",
          "no-magic-numbers": "off",
          "no-new-native-nonconstructor": "off",
          "no-new-symbol": "off",
          "no-obj-calls": "off",
          "no-redeclare": "off",
          "no-restricted-imports": "off",
          "no-return-await": "off",
          "no-setter-return": "off",
          "no-shadow": "off",
          "no-this-before-super": "off",
          "no-throw-literal": "off",
          "no-undef": "off",
          "no-unreachable": "off",
          "no-unsafe-negation": "off",
          "no-unused-expressions": "off",
          "no-unused-vars": "off",
          "no-use-before-define": "off",
          "no-useless-constructor": "off",
          "no-var": "error",
          "prefer-const": "error",
          "prefer-destructuring": "off",
          "prefer-promise-reject-errors": "off",
          "prefer-rest-params": "error",
          "prefer-spread": "error",
          "require-await": "off",
        },
      },
      {
        "files": [
          "**/*.test.ts",
        ],
        "name": "shuunen/typescript/tests-overrides",
        "rules": {
          "@typescript-eslint/no-magic-numbers": "off",
        },
      },
      {
        "files": [
          "**/*.js",
        ],
        "name": "shuunen/typescript/js-overrides",
        "rules": {
          "@typescript-eslint/explicit-member-accessibility": "off",
          "@typescript-eslint/prefer-readonly-parameter-types": "off",
          "@typescript-eslint/use-unknown-in-catch-callback-variable": "off",
        },
      },
    ],
    "vue": [
      {
        "files": [
          "*.vue",
          "**/*.vue",
        ],
        "languageOptions": {
          "parser": {
            "AST": "...",
            "meta": "...",
            "parse": "...",
            "parseForESLint": "...",
          },
          "sourceType": "module",
        },
        "name": "shuunen/vue",
        "plugins": {
          "vue": {
            "configs": "...",
            "meta": "...",
            "processors": "...",
            "rules": "...",
          },
        },
        "processor": "vue/vue",
        "rules": {
          "jsdoc/require-jsdoc": "off",
          "vue/attribute-hyphenation": "warn",
          "vue/attributes-order": "off",
          "vue/block-order": "warn",
          "vue/comment-directive": "error",
          "vue/component-definition-name-casing": "warn",
          "vue/first-attribute-linebreak": "off",
          "vue/html-closing-bracket-newline": "off",
          "vue/html-closing-bracket-spacing": "warn",
          "vue/html-end-tags": "warn",
          "vue/html-indent": "off",
          "vue/html-quotes": "warn",
          "vue/html-self-closing": "warn",
          "vue/jsx-uses-vars": "error",
          "vue/max-attributes-per-line": "off",
          "vue/multi-word-component-names": "error",
          "vue/multiline-html-element-content-newline": "warn",
          "vue/mustache-interpolation-spacing": "warn",
          "vue/no-arrow-functions-in-watch": "error",
          "vue/no-async-in-computed-properties": "error",
          "vue/no-child-content": "error",
          "vue/no-computed-properties-in-data": "error",
          "vue/no-deprecated-data-object-declaration": "error",
          "vue/no-deprecated-delete-set": "error",
          "vue/no-deprecated-destroyed-lifecycle": "error",
          "vue/no-deprecated-dollar-listeners-api": "error",
          "vue/no-deprecated-dollar-scopedslots-api": "error",
          "vue/no-deprecated-events-api": "error",
          "vue/no-deprecated-filter": "error",
          "vue/no-deprecated-functional-template": "error",
          "vue/no-deprecated-html-element-is": "error",
          "vue/no-deprecated-inline-template": "error",
          "vue/no-deprecated-model-definition": "error",
          "vue/no-deprecated-props-default-this": "error",
          "vue/no-deprecated-router-link-tag-prop": "error",
          "vue/no-deprecated-scope-attribute": "error",
          "vue/no-deprecated-slot-attribute": "error",
          "vue/no-deprecated-slot-scope-attribute": "error",
          "vue/no-deprecated-v-bind-sync": "error",
          "vue/no-deprecated-v-is": "error",
          "vue/no-deprecated-v-on-native-modifier": "error",
          "vue/no-deprecated-v-on-number-modifiers": "error",
          "vue/no-deprecated-vue-config-keycodes": "error",
          "vue/no-dupe-keys": "error",
          "vue/no-dupe-v-else-if": "error",
          "vue/no-duplicate-attributes": "error",
          "vue/no-export-in-script-setup": "error",
          "vue/no-expose-after-await": "error",
          "vue/no-lifecycle-after-await": "error",
          "vue/no-lone-template": "warn",
          "vue/no-multi-spaces": "warn",
          "vue/no-multiple-slot-args": "warn",
          "vue/no-mutating-props": "error",
          "vue/no-parsing-error": "error",
          "vue/no-ref-as-operand": "error",
          "vue/no-required-prop-with-default": "warn",
          "vue/no-reserved-component-names": "error",
          "vue/no-reserved-keys": "error",
          "vue/no-reserved-props": "error",
          "vue/no-shared-component-data": "error",
          "vue/no-side-effects-in-computed-properties": "error",
          "vue/no-spaces-around-equal-signs-in-attribute": "warn",
          "vue/no-template-key": "error",
          "vue/no-template-shadow": "warn",
          "vue/no-textarea-mustache": "error",
          "vue/no-unused-components": "error",
          "vue/no-unused-vars": "error",
          "vue/no-use-computed-property-like-method": "error",
          "vue/no-use-v-if-with-v-for": "error",
          "vue/no-useless-template-attributes": "error",
          "vue/no-v-for-template-key-on-child": "error",
          "vue/no-v-html": "warn",
          "vue/no-v-text-v-html-on-component": "error",
          "vue/no-watch-after-await": "error",
          "vue/one-component-per-file": "warn",
          "vue/order-in-components": "off",
          "vue/prefer-import-from-vue": "error",
          "vue/prop-name-casing": "warn",
          "vue/require-component-is": "error",
          "vue/require-default-prop": "warn",
          "vue/require-explicit-emits": "warn",
          "vue/require-prop-type-constructor": "error",
          "vue/require-prop-types": "warn",
          "vue/require-render-return": "error",
          "vue/require-slots-as-functions": "error",
          "vue/require-toggle-inside-transition": "error",
          "vue/require-v-for-key": "error",
          "vue/require-valid-default-prop": "error",
          "vue/return-in-computed-property": "error",
          "vue/return-in-emits-validator": "error",
          "vue/singleline-html-element-content-newline": "off",
          "vue/this-in-template": "warn",
          "vue/use-v-on-exact": "error",
          "vue/v-bind-style": "warn",
          "vue/v-on-event-hyphenation": [
            "...",
            "...",
            "...",
          ],
          "vue/v-on-style": "warn",
          "vue/v-slot-style": "warn",
          "vue/valid-attribute-name": "error",
          "vue/valid-define-emits": "error",
          "vue/valid-define-options": "error",
          "vue/valid-define-props": "error",
          "vue/valid-next-tick": "error",
          "vue/valid-template-root": "error",
          "vue/valid-v-bind": "error",
          "vue/valid-v-cloak": "error",
          "vue/valid-v-else": "error",
          "vue/valid-v-else-if": "error",
          "vue/valid-v-for": "error",
          "vue/valid-v-html": "error",
          "vue/valid-v-if": "error",
          "vue/valid-v-is": "error",
          "vue/valid-v-memo": "error",
          "vue/valid-v-model": "error",
          "vue/valid-v-on": "error",
          "vue/valid-v-once": "error",
          "vue/valid-v-pre": "error",
          "vue/valid-v-show": "error",
          "vue/valid-v-slot": "error",
          "vue/valid-v-text": "error",
        },
      },
    ],
  },
  "meta": {
    "name": "eslint-plugin-shuunen",
    "version": "0.0.0",
  },
  "rules": {
    "avoid-name": {
      "create": [Function],
      "meta": {
        "docs": {
          "description": "disallow variables named \`foo\`, it is so old school",
          "recommended": true,
        },
        "fixable": "code",
        "messages": {
          "avoidName": "Avoid using variables named '{{ name }}'",
        },
        "schema": [],
        "type": "suggestion",
      },
    },
  },
}
`;
